---
name: complex member
description: complex member expression
skip: true
---

[]
