---
name: ES7 Comma
description: parses allows ES7 Comma
options:
  features:
    - awd
skip: true
---

[
  {
    "type": "ExpressionStatement",
    "start": 0,
    "end": 7,
    "expression": {}
  }
]
