---
name: BinaryExpression - divide
description: parses simple divide binary
---

[
  {
    "type": "ExpressionStatement",
    "start": 0,
    "end": 7,
    "expression": {
      "type": "BinaryExpression",
      "operator": "/",
      "start": 0,
      "end": 7,
      "left": {
        "type": "Literal",
        "value": "10",
        "raw": 10,
        "start": 0,
        "end": 2
      },
      "right": {
        "type": "Literal",
        "value": "42",
        "raw": 42,
        "start": 5,
        "end": 7
      }
    }
  }
]
