---
name: Literal - numeric binary literal
description: parses binary literal
---

[
  {
    "type": "ExpressionStatement",
    "start": 0,
    "end": 4,
    "expression": {
      "type": "Literal",
      "value": "0b01",
      "raw": 1,
      "start": 0,
      "end": 4
    }
  }
]
