---
name: Literal - decimal float
description: parses float decimal literal
---

[
  {
    "type": "ExpressionStatement",
    "start": 0,
    "end": 4,
    "expression": {
      "type": "Literal",
      "value": ".123",
      "start": 0,
      "end": 4
    }
  }
]
