---
name: Literal - numeric hex
description: parses numeric hex literal
---

[
  {
    "type": "ExpressionStatement",
    "start": 0,
    "end": 4,
    "expression": {
      "type": "Literal",
      "value": "0x01",
      "start": 0,
      "end": 4
    }
  }
]
