---
name: AssignmentExpression - minus
description: parses simple minus assignment
---

[
  {
    "type": "ExpressionStatement",
    "start": 0,
    "end": 16,
    "expression": {
      "type": "AssignmentExpression",
      "operator": "-=",
      "start": 0,
      "end": 16,
      "left": {
        "type": "Identifier",
        "name": "userIndex",
        "start": 0,
        "end": 9
      },
      "right": {
        "type": "Literal",
        "value": "123",
        "raw": 123,
        "start": 13,
        "end": 16
      }
    }
  }
]
