---
name: semantic - update with unary
description: update with unary is allowed
skip: true
---
