---
name: UpdateExpression - decrement prefix
description: parses update minus
---

[
  {
    "type": "ExpressionStatement",
    "start": 0,
    "end": 6,
    "expression": {
      "type": "UpdateExpression",
      "operator": "--",
      "prefix": false,
      "start": 0,
      "end": 6,
      "argument": {
        "type": "Identifier",
        "name": "user",
        "start": 0,
        "end": 4
      }
    }
  }
]
