---
name: UpdateExpression - increment prefix
description: parses update plus prefix
---

[
  {
    "type": "ExpressionStatement",
    "start": 0,
    "end": 6,
    "expression": {
      "type": "UpdateExpression",
      "operator": "++",
      "prefix": true,
      "start": 0,
      "end": 6,
      "argument": {
        "type": "Identifier",
        "name": "user",
        "start": 2,
        "end": 6
      }
    }
  }
]
