---
name: UnaryExpression - bitwise NOT
description: parses unary bitwise NOT
---

[
  {
    "type": "ExpressionStatement",
    "start": 0,
    "end": 6,
    "expression": {
      "type": "UnaryExpression",
      "operator": "~",
      "prefix": true,
      "start": 0,
      "end": 6,
      "argument": {
        "type": "Identifier",
        "name": "user",
        "start": 2,
        "end": 6
      }
    }
  }
]
