---
name: UnaryExpression - logical NOT
description: parses unary logical NOT
---

[
  {
    "type": "ExpressionStatement",
    "start": 0,
    "end": 5,
    "expression": {
      "type": "UnaryExpression",
      "operator": "!",
      "prefix": true,
      "start": 0,
      "end": 5,
      "argument": {
        "type": "Identifier",
        "name": "user",
        "start": 1,
        "end": 5
      }
    }
  }
]
