---
name: UnaryExpression - void
description: parses unary void
---

[
  {
    "type": "ExpressionStatement",
    "start": 0,
    "end": 9,
    "expression": {
      "type": "UnaryExpression",
      "operator": "void",
      "prefix": true,
      "start": 0,
      "end": 9,
      "argument": {
        "type": "Identifier",
        "name": "user",
        "start": 5,
        "end": 9
      }
    }
  }
]
