---
name: Empty
description: Empty source yields empty token list
---

[]
