---
name: Keyword tokens
description: lexes keyword tokens
---

[
  { "type": 3, "value": "break",      "line": 1, "column": 0, "start": 0, "end": 5 },
  { "type": 3, "value": "do",         "line": 1, "column": 6, "start": 6, "end": 8 },
  { "type": 3, "value": "in",         "line": 1, "column": 9, "start": 9, "end": 11 },
  { "type": 3, "value": "typeof",     "line": 1, "column": 12, "start": 12, "end": 18 },
  { "type": 3, "value": "case",       "line": 1, "column": 19, "start": 19, "end": 23 },
  { "type": 3, "value": "else",       "line": 1, "column": 24, "start": 24, "end": 28 },
  { "type": 3, "value": "instanceof", "line": 1, "column": 29, "start": 29, "end": 39 },
  { "type": 3, "value": "var",        "line": 1, "column": 40, "start": 40, "end": 43 },
  { "type": 3, "value": "catch",      "line": 1, "column": 44, "start": 44, "end": 49 },
  { "type": 3, "value": "export",     "line": 1, "column": 50, "start": 50, "end": 56 },
  { "type": 3, "value": "new",        "line": 1, "column": 57, "start": 57, "end": 60 },
  { "type": 3, "value": "void",       "line": 1, "column": 61, "start": 61, "end": 65 },
  { "type": 3, "value": "class",      "line": 1, "column": 66, "start": 66, "end": 71 },
  { "type": 3, "value": "extends",    "line": 1, "column": 72, "start": 72, "end": 79 },
  { "type": 3, "value": "return",     "line": 1, "column": 80, "start": 80, "end": 86 },
  { "type": 3, "value": "while",      "line": 1, "column": 87, "start": 87, "end": 92 },
  { "type": 3, "value": "const",      "line": 1, "column": 93, "start": 93, "end": 98 },
  { "type": 3, "value": "finally",    "line": 1, "column": 99, "start": 99, "end": 106 },
  { "type": 3, "value": "super",      "line": 1, "column": 107, "start": 107, "end": 112 },
  { "type": 3, "value": "with",       "line": 1, "column": 113, "start": 113, "end": 117 },
  { "type": 3, "value": "continue",   "line": 1, "column": 118, "start": 118, "end": 126 },
  { "type": 3, "value": "for",        "line": 1, "column": 127, "start": 127, "end": 130 },
  { "type": 3, "value": "switch",     "line": 1, "column": 131, "start": 131, "end": 137 },
  { "type": 3, "value": "yield",      "line": 1, "column": 138, "start": 138, "end": 143 },
  { "type": 3, "value": "debugger",   "line": 1, "column": 144, "start": 144, "end": 152 },
  { "type": 3, "value": "function",   "line": 1, "column": 153, "start": 153, "end": 161 },
  { "type": 3, "value": "this",       "line": 1, "column": 162, "start": 162, "end": 166 },
  { "type": 3, "value": "default",    "line": 1, "column": 167, "start": 167, "end": 174 },
  { "type": 3, "value": "if",         "line": 1, "column": 175, "start": 175, "end": 177 },
  { "type": 3, "value": "throw",      "line": 1, "column": 178, "start": 178, "end": 183 },
  { "type": 3, "value": "delete",     "line": 1, "column": 184, "start": 184, "end": 190 },
  { "type": 3, "value": "import",     "line": 1, "column": 191, "start": 191, "end": 197 },
  { "type": 3, "value": "try",        "line": 1, "column": 198, "start": 198, "end": 201 }
]
