---
name: spread - spread eval
description: spread eval
---
[
  {
    "type": "ExpressionStatement",
    "start": 0,
    "end": 14,
    "expression": {
      "type": "ArrayExpression",
      "start": 0,
      "end": 14,
      "elements": [
        {
          "end": 13,
          "start": 1,
          "type": "SpreadElement",
          "argument": {
            "name": "arguments",
            "type": "Identifier",
            "start": 4,
            "end": 13
          }
        }
      ]
    }
  }
]

