---
name: ObjectExpression - shorthand
description: parses object literal shorthand
---

[
  {
    "type": "ExpressionStatement",
    "start": 0,
    "end": 12,
    "expression": {
      "type": "ObjectExpression",
      "start": 0,
      "end": 12,
      "properties": [
        {
          "type": "Property",
          "kind": "init",
          "shorthand": true,
          "computed": false,
          "method": false,
          "start": 2,
          "end": 10,
          "key": {
            "type": "Identifier",
            "name": "greeting",
            "start": 2,
            "end": 10
          },
          "value": {
            "type": "Identifier",
            "name": "greeting",
            "start": 2,
            "end": 10
          }
        }
      ]
    }
  }
]
