---
name: ObjectExpression - object inside object
description: nested object
skip: true
---

