---
name: Identifier - yield
description: parses yield as identifier
---

[
  {
    "type": "ExpressionStatement",
    "start": 0,
    "end": 5,
    "expression": {
      "type": "Identifier",
      "name": "yield",
      "start": 0,
      "end": 5
    }
  }
]
