---
name: ThisExpression
description: parses this expression parenthesized
---

[
  {
    "type": "ExpressionStatement",
    "start": 0,
    "end": 5,
    "expression": {
      "type": "ThisExpression",
      "start": 1,
      "end": 5
    }
  }
]
