---
name: ThisExpression
description: parses this expression
---

[
  {
    "type": "ExpressionStatement",
    "start": 0,
    "end": 4,
    "expression": {
      "type": "ThisExpression",
      "start": 0,
      "end": 4
    }
  }
]
